com\tpservers\Services\Service$Holder.class
com\tpservers\Services\Facade\MqttService$Holder.class
com\tpservers\CommandHandler\Modules\Health\HealthHeartbeatModule.class
com\tpservers\Services\Facade\SensorService$Holder.class
com\tpservers\Models\SensorState$Holder.class
com\tpservers\Models\WakeOnLanSender.class
com\tpservers\Services\Facade\LifecycleHookerService$Holder.class
com\tpservers\CommandHandler\Modules\Profile\ProfileHardwareNetworkModule.class
com\tpservers\CommandHandler\Modules\Launch\LaunchCurrentVersionModule.class
com\tpservers\Services\Facade\SetupService$User32.class
com\tpservers\Services\Facade\SetupService.class
com\tpservers\Services\Facade\CommandService.class
com\tpservers\Core\PoolCore.class
com\tpservers\Repositories\MetaRespository.class
com\tpservers\Services\Facade\HardwareService.class
com\tpservers\Services\Facade\LifecycleHookerService.class
com\tpservers\CommandHandler\Modules\Profile\ProfileHardwareCpuModule.class
com\tpservers\Services\Facade\SensorService.class
com\tpservers\CommandHandler\Modules\Power\PowerShutdownModule.class
com\tpservers\CommandHandler\Modules\Sensor\SensorHeartbeatModule.class
com\tpservers\Core\RequestCore$Holder.class
com\tpservers\App$Kernel32.class
com\tpservers\Services\Facade\ConfigService.class
com\tpservers\CommandHandler\Modules\Launch\LaunchSetWallpaperModule.class
com\tpservers\CommandHandler\Modules\Profile\ProfileHardwareGpuModule.class
com\tpservers\CommandHandler\Modules\Profile\ProfileHardwareOsModule.class
com\tpservers\Services\Facade\WorkerService.class
com\tpservers\CommandHandler\Modules\Power\PowerOnModule.class
com\tpservers\Core\EventHandler.class
com\tpservers\Services\Service.class
com\tpservers\CommandHandler\Modules\Profile\ProfileHardwareDeviceModule.class
com\tpservers\Core\PoolCore$Holder.class
com\tpservers\Services\Facade\WorkerService$Holder.class
com\tpservers\Services\Facade\SchedulerService.class
com\tpservers\CommandHandler\Modules\Profile\ProfileHardwareProfileModule.class
com\tpservers\CommandHandler\Modules\Profile\ProfileMacListModule.class
com\tpservers\Services\Facade\MqttService.class
com\tpservers\CommandHandler\Modules\Launch\LaunchDeviceTypeModule.class
com\tpservers\CommandHandler\Modules\Launch\LaunchUpdateModule.class
com\tpservers\CommandHandler\Modules\Power\PowerResetModule.class
com\tpservers\Repositories\MetaRespository$Holder.class
com\tpservers\CommandHandler\Modules\Sensor\SensorTemperatureModule.class
com\tpservers\App.class
com\tpservers\CommandHandler\Modules\Profile\ProfileHardwareRamModule.class
com\tpservers\Core\RequestCore.class
com\tpservers\Core\EventHandler$Holder.class
com\tpservers\Models\SensorState.class
com\tpservers\Services\Facade\ConsoleService$Holder.class
com\tpservers\Services\Facade\ConfigService$Holder.class
com\tpservers\CommandHandler\Modules\Profile\ProfileHardwareMotherboardModule.class
com\tpservers\CommandHandler\Modules\Health\HealthNetworkModule.class
com\tpservers\Services\Facade\ConsoleService.class
com\tpservers\Models\WakeOnLanMacSolver.class
com\tpservers\Services\Facade\HardwareService$Holder.class
com\tpservers\Services\Facade\HeartbeatService.class
com\tpservers\Services\Facade\CommandService$Holder.class
com\tpservers\CommandHandler\Modules\Profile\ProfileHardwareDiskModule.class
com\tpservers\CommandHandler\Modules\Sensor\SensorRawModule.class
